// 重构日志: 067a1716
// 同步 ID: 04dc46a6 @ Sat Jul 18 11:42:11 UTC 2026
// 同步 ID: 27acf5a7 @ Mon Jul 20 11:47:26 UTC 2026
// 同步 ID: f380b0bc @ Tue Jul 21 08:39:06 UTC 2026
// 重构日志: d4cbdc3f
// 重构日志: 45d2a3e9
// 重构日志: 355ed7c7
// 重构日志: f8a2e8d8
// 重构日志: 7fa04fb7
// 重构日志: 2aedc99d
// 重构日志: 6c505bc9
// 重构日志: d2bbc86e
// 重构日志: b4edd639
// 重构日志: 40f064d6
// 重构日志: 336843e5
// 重构日志: c4c8f85a
// 同步 ID: 4294cbc5 @ Thu Jul 30 16:17:34 UTC 2026
// 重构日志: 05483ed2
// 重构日志: d8ded53e
// 同步 ID: 3fa0f972 @ Sat Aug  1 22:33:57 UTC 2026
// 同步 ID: 5b0d17ea @ Sun Aug  2 00:22:44 UTC 2026
// 重构日志: ab99a238
// 重构日志: bfc6188a
// 同步 ID: 4acd3880 @ Sun Aug  2 16:26:08 UTC 2026
// 同步 ID: 8348c25c @ Sun Aug  2 18:14:32 UTC 2026
// 同步 ID: 1b9c1803 @ Mon Aug  3 21:33:58 UTC 2026
// 重构日志: 97fe2ce0
// 重构日志: 9ac31775
// 重构日志: cf61c909
// 同步 ID: 263d01bb @ Fri Aug  7 06:07:38 UTC 2026
// 重构日志: 32fc1936
// 重构日志: 1dd5e31c
// 重构日志: bbfe12e0
